******************************************************************************
               TMS320C6x Linker PC v6.1.15                     
******************************************************************************
>> Linked Wed Feb 28 12:04:48 2018

OUTPUT FILE NAME:   <RTDSP.out>
ENTRY POINT SYMBOL: "_c_int00"  address: 00010740


MEMORY CONFIGURATION

         name            origin    length      used     unused   attr    fill
----------------------  --------  ---------  --------  --------  ----  --------
  IRAM                  00000000   00040000  00011fbb  0002e045  RWIX
  SDRAM                 80000000   00800000  00000000  00800000  RWIX


SECTION ALLOCATION MAP

 output                                  attributes/
section   page    origin      length       input sections
--------  ----  ----------  ----------   ----------------
.vers      0    00000000    00000040     COPY SECTION
                  00000000    00000040     dsp_bios_cfg.obj (.vers)

.prd       0    00000000    00000000     UNINITIALIZED

.hwi_vec   0    00000000    00000200     
                  00000000    00000200     dsp_bios_cfg.obj (.hwi_vec)

.data      0    00000000    00000000     UNINITIALIZED

.IRAM$heap 
*          0    00000200    00008000     UNINITIALIZED
                  00000200    00008000     --HOLE--

.bios      0    00008200    000041c0     
                  00008200    00000600     lnkrtdx.a67 : rtdx.o67 (.bios)
                  00008800    000005e0     bios.a67 : gbl_setL2CacheMode.o67 (.bios)
                  00008de0    00000540              : swi.o67 (.bios)
                  00009320    00000460              : hwi_disp_asm.o67 (.bios)
                  00009780    000003a0              : prd.o67 (.bios)
                  00009b20    000002c0              : knl_run.o67 (.bios)
                  00009de0    000002c0              : rta.o67 (.bios)
                  0000a0a0    000002c0              : sem_pend.o67 (.bios)
                  0000a360    00000260              : knl_tick.o67 (.bios)
                  0000a5c0    00000240              : pip.o67 (.bios)
                  0000a800    00000220              : sem_dopo.o67 (.bios)
                  0000aa20    00000200              : tsk_setu.o67 (.bios)
                  0000ac20    000001c0              : knl_swit.o67 (.bios)
                  0000ade0    000001c0     biosC6000.a67 : clk.o67 (.bios)
                  0000afa0    000001a0     bios.a67 : tsk_exit.o67 (.bios)
                  0000b140    00000180              : autoinit.o67 (.bios)
                  0000b2c0    00000180              : tsk_stup.o67 (.bios)
                  0000b440    00000140              : knl_chec.o67 (.bios)
                  0000b580    000000e0              : gbl_cslcacheinit.o67 (.bios)
                  0000b660    000000e0              : knl_exit.o67 (.bios)
                  0000b740    000000e0              : sem_post.o67 (.bios)
                  0000b820    000000e0              : sem_post_asm.o67 (.bios)
                  0000b900    000000e0     biosC6000.a67 : clk_meas.o67 (.bios)
                  0000b9e0    000000c0     bios.a67 : knl_ipos.o67 (.bios)
                  0000baa0    000000c0              : knl_post.o67 (.bios)
                  0000bb60    000000c0              : lck.o67 (.bios)
                  0000bc20    000000c0              : sys_exit.o67 (.bios)
                  0000bce0    000000c0     biosC6000.a67 : clk_htime.o67 (.bios)
                  0000bda0    00000080     bios.a67 : fxn.o67 (.bios)
                  0000be20    00000080              : idl_busy.o67 (.bios)
                  0000bea0    00000080              : log.o67 (.bios)
                  0000bf20    00000080              : sts.o67 (.bios)
                  0000bfa0    00000080     biosC6000.a67 : idl_cal.o67 (.bios)
                  0000c020    00000060     bios.a67 : hwi_c.o67 (.bios)
                  0000c080    00000060              : sem_pend_counting.o67 (.bios)
                  0000c0e0    00000060              : sys_abor.o67 (.bios)
                  0000c140    00000060              : utl_putc.o67 (.bios)
                  0000c1a0    00000060     biosC6000.a67 : clk_start.o67 (.bios)
                  0000c200    00000040     bios.a67 : idl_stub.o67 (.bios)
                  0000c240    00000040              : rta_andn.o67 (.bios)
                  0000c280    00000040              : utl_doab.o67 (.bios)
                  0000c2c0    00000040     biosC6000.a67 : clk_stop.o67 (.bios)
                  0000c300    00000020     bios.a67 : fxn_c.o67 (.bios)
                  0000c320    00000020              : gbl_vers.o67 (.bios)
                  0000c340    00000020              : idl.o67 (.bios)
                  0000c360    00000020              : sts_set.o67 (.bios)
                  0000c380    00000020              : utl_doer.o67 (.bios)
                  0000c3a0    00000020              : utl_halt.o67 (.bios)

.text      0    0000c3c0    00001ba0     
                  0000c3c0    00000480     dsk6713bslccsv4.lib : dsk6713.obj (.text)
                  0000c840    000002e0                         : dsk6713_aic23_opencodec.obj (.text)
                  0000cb20    000002a0     intio.obj (.text)
                  0000cdc0    00000240     rts6700.lib : memcpy62.obj (.text:_memcpy)
                  0000d000    000001c0     csl6713.lib : csl_irq.obj (.text:_IRQ_map)
                  0000d1c0    000001a0                 : csl_mcbsp.obj (.text:_MCBSP_reset)
                  0000d360    00000180     bios.a67 : gbl_cslpllinit62.o67 (.text)
                  0000d4e0    00000180     dsk6713bslccsv4.lib : dsk6713_aic23_registers.obj (.text)
                  0000d660    00000140     rts6700.lib : strasg.obj (.text:__strasgi)
                  0000d7a0    00000120                 : sinit.obj (.text:_call_dtors)
                  0000d8c0    00000100     csl6713.lib : csl_mcbsp.obj (.text:_MCBSP_open)
                  0000d9c0    00000100                 : csl_mcbsp.obj (.text:_MCBSP_start)
                  0000dac0    00000100     rts6700.lib : atexit.obj (.text:_atexit)
                  0000dbc0    000000e0     dsk6713bslccsv4.lib : helper_functions_ISR.obj (.text)
                  0000dca0    000000c0     bios.a67 : tsk_stup.o67 (.text)
                  0000dd60    000000a0     csl6713.lib : csl_irq.obj (.text:_setMux)
                  0000de00    00000040                 : csl_irq.obj (.text:_IRQ_enable)
                  0000de40    00000040     rts6700.lib : sinit.obj (.text:___add_dtor)
                  0000de80    00000020     csl6713.lib : csl_irq.obj (.text:_IRQ_globalDisable)
                  0000dea0    00000020                 : csl_irq.obj (.text:_IRQ_globalEnable)
                  0000dec0    00000020                 : csl_irq.obj (.text:_IRQ_nmiEnable)
                  0000dee0    00000020     rts6700.lib : _lock.obj (.text:__nop)
                  0000df00    00000020                 : _lock.obj (.text:__register_lock)
                  0000df20    00000020                 : _lock.obj (.text:__register_unlock)
                  0000df40    00000020     csl6713.lib : csl_irq.obj (.text)

.cinit     0    0000df60    00001004     
                  0000df60    000005ac     dsp_bios_cfg.obj (.cinit)
                  0000e50c    00000004     --HOLE-- [fill = 0]
                  0000e510    0000026c     bios.a67 : biosdata.o67 (.cinit)
                  0000e77c    00000004     --HOLE-- [fill = 0]
                  0000e780    000001a4              : knl.o67 (.cinit)
                  0000e924    00000004     --HOLE-- [fill = 0]
                  0000e928    0000012c     csl6713.lib : csl_irq.obj (.cinit)
                  0000ea54    00000004     --HOLE-- [fill = 0]
                  0000ea58    000000b0     bios.a67 : swi.o67 (.cinit)
                  0000eb08    00000088     intio.obj (.cinit)
                  0000eb90    00000070     bios.a67 : tsk.o67 (.cinit)
                  0000ec00    00000060              : tsk_stup.o67 (.cinit)
                  0000ec60    0000005c     lnkrtdx.a67 : rtdx.o67 (.cinit)
                  0000ecbc    00000004     --HOLE-- [fill = 0]
                  0000ecc0    00000054     csl6713.lib : csl_mcbsp.obj (.cinit)
                  0000ed14    00000004     --HOLE-- [fill = 0]
                  0000ed18    0000004c     bios.a67 : rta.o67 (.cinit)
                  0000ed64    00000004     --HOLE-- [fill = 0]
                  0000ed68    0000004c     rtdx.lib : buffer1.o62 (.cinit)
                  0000edb4    00000004     --HOLE-- [fill = 0]
                  0000edb8    00000034     bios.a67 : hwi.o67 (.cinit)
                  0000edec    00000004     --HOLE-- [fill = 0]
                  0000edf0    00000030     dsk6713bslccsv4.lib : dsk6713_aic23_registers.obj (.cinit)
                  0000ee20    0000002c     bios.a67 : utl_putc.o67 (.cinit)
                  0000ee4c    00000004     --HOLE-- [fill = 0]
                  0000ee50    0000002c     rts6700.lib : exit.obj (.cinit)
                  0000ee7c    00000004     --HOLE-- [fill = 0]
                  0000ee80    00000024     bios.a67 : obj_init.o67 (.cinit)
                  0000eea4    00000004     --HOLE-- [fill = 0]
                  0000eea8    0000001c              : sys.o67 (.cinit)
                  0000eec4    00000004     --HOLE-- [fill = 0]
                  0000eec8    0000001c     rts6700.lib : _lock.obj (.cinit)
                  0000eee4    00000004     --HOLE-- [fill = 0]
                  0000eee8    0000001c                 : atexit.obj (.cinit)
                  0000ef04    00000004     --HOLE-- [fill = 0]
                  0000ef08    00000018     bios.a67 : knl_tick.o67 (.cinit)
                  0000ef20    0000000c              : gbl_setL2CacheMode.o67 (.cinit)
                  0000ef2c    00000004     --HOLE-- [fill = 0]
                  0000ef30    0000000c              : idl_busy.o67 (.cinit)
                  0000ef3c    00000004     --HOLE-- [fill = 0]
                  0000ef40    0000000c              : knl_swit.o67 (.cinit)
                  0000ef4c    00000004     --HOLE-- [fill = 0]
                  0000ef50    0000000c     rts6700.lib : sinit.obj (.cinit)
                  0000ef5c    00000004     --HOLE-- [fill = 0]
                  0000ef60    00000004     (.pad.cinit) [fill = 0]

.log       0    0000ef64    00000018     
                  0000ef64    00000018     dsp_bios_cfg.obj (.log)

.args      0    0000ef7c    00000004     
                  0000ef7c    00000004     --HOLE-- [fill = 0]

.rtdx_text 
*          0    0000ef80    00000ea0     
                  0000ef80    00000400     rtdx.lib : rtdx_mon.o62 (.rtdx_text:_RTDX_Poll)
                  0000f380    00000340              : buffer1.o62 (.rtdx_text:_RTDX_Buffer_WriteCB)
                  0000f6c0    00000300              : buffer1.o62 (.rtdx_text:_RTDX_write_next)
                  0000f9c0    00000140              : rtdx_mon.o62 (.rtdx_text:_RTDX_Mon_Queue)
                  0000fb00    000000e0              : buffer1.o62 (.rtdx_text:_claim)
                  0000fbe0    00000080              : rtdx_mon.o62 (.rtdx_text:_RTDX_Init_RT_Monitor)
                  0000fc60    00000060              : buffer1.o62 (.rtdx_text:_RTDX_Buffer_Initialize)
                  0000fcc0    00000060              : buffer2.o62 (.rtdx_text:_RTDX_Buffer_ReadCB)
                  0000fd20    00000040              : buffer1.o62 (.rtdx_text:_RTDX_Buffer_Size)
                  0000fd60    00000040              : rtdx_mon.o62 (.rtdx_text:_RTDX_Final_RT_Monitor)
                  0000fda0    00000020              : buffer2.o62 (.rtdx_text:_RTDX_Buffer_Read)
                  0000fdc0    00000020              : buffer1.o62 (.rtdx_text:_RTDX_Buffer_Write)
                  0000fde0    00000020              : rtdx_mon.o62 (.rtdx_text:_RTDX_checksum)
                  0000fe00    00000020              : intr_tgt.o62 (.rtdx_text)

.far       0    0000fe20    0000054c     UNINITIALIZED
                  0000fe20    00000188     rts6700.lib : atexit.obj (.far)
                  0000ffa8    000000f4     csl6713.lib : csl_irq.obj (.far)
                  0001009c    000000d8     bios.a67 : knl.o67 (.far)
                  00010174    0000005c              : tsk.o67 (.far)
                  000101d0    00000054              : obj_init.o67 (.far)
                  00010224    00000050              : tsk_stup.o67 (.far)
                  00010274    00000004     rts6700.lib : sinit.obj (.far)
                  00010278    00000044     intio.obj (.far)
                  000102bc    00000038     csl6713.lib : csl_mcbsp.obj (.far)
                  000102f4    00000028     dsk6713bslccsv4.lib : dsk6713_aic23_registers.obj (.far)
                  0001031c    00000020     bios.a67 : sys.o67 (.far)
                  0001033c    00000010              : knl_tick.o67 (.far)
                  0001034c    0000000c              : utl_putc.o67 (.far)
                  00010358    0000000c     rts6700.lib : exit.obj (.far)
                  00010364    00000008                 : _lock.obj (.far)

.hst1      0    0001036c    00000010     UNINITIALIZED
                  0001036c    00000010     dsp_bios_cfg.obj (.hst1)

.mem       0    0001037c    00000004     UNINITIALIZED
                  0001037c    00000004     dsp_bios_cfg.obj (.mem)

.sysinit   0    00010380    00000520     
                  00010380    000002e0     dsp_bios_cfg.obj (.sysinit)
                  00010660    000000e0     bios.a67 : mem_init.o67 (.sysinit)
                  00010740    000000c0              : boot.o67 (.sysinit)
                  00010800    00000080              : tsk_init.o67 (.sysinit)
                  00010880    00000020              : obj_init.o67 (.sysinit)

.rtdx_data 
*          0    000108a0    0000044c     UNINITIALIZED
                  000108a0    00000410     dsp_bios_cfg.obj (.rtdx_data)
                  00010cb0    00000020     rtdx.lib : buffer1.o62 (.rtdx_data)
                  00010cd0    0000001c              : rtdx_mon.o62 (.rtdx_data)

.TSK_idle$stk 
*          0    00010cf0    00000400     UNINITIALIZED
                  00010cf0    00000400     dsp_bios_cfg.obj (.TSK_idle$stk)

.stack     0    000110f0    00000400     UNINITIALIZED
                  000110f0    00000400     --HOLE--

.bss       0    000114f0    0000035e     UNINITIALIZED
                  000114f0    00000100     bios.a67 : hwi_disp_asm.o67 (.bss)
                  000115f0    000000cc              : biosdata.o67 (.bss)
                  000116bc    0000009c              : swi.o67 (.bss)
                  00011758    00000048              : knl.o67 (.bss)
                  000117a0    00000028     dsp_bios_cfg.obj (.bss)
                  000117c8    00000018     bios.a67 : hwi.o67 (.bss)
                  000117e0    00000018     lnkrtdx.a67 : rtdx.o67 (.bss)
                  000117f8    00000010     intio.obj (.bss)
                  00011808    00000010     rtdx.lib : buffer1.o62 (.bss)
                  00011818    0000000c     bios.a67 : tsk.o67 (.bss)
                  00011824    00000008              : clk_data.o67 (.bss)
                  0001182c    00000008              : sys.o67 (.bss)
                  00011834    00000008     dsk6713bslccsv4.lib : dsk6713_aic23_opencodec.obj (.bss)
                  0001183c    00000004     bios.a67 : clk_data2.o67 (.bss)
                  00011840    00000004              : gbl_setL2CacheMode.o67 (.bss)
                  00011844    00000004              : idl_busy.o67 (.bss)
                  00011848    00000004              : mem_asm.o67 (.bss)
                  0001184c    00000002     dsk6713bslccsv4.lib : dsk6713.obj (.bss)

.trace     0    00011850    00000200     
                  00011850    00000200     --HOLE-- [fill = 00000000]

.tsk       0    00011a50    00000060     UNINITIALIZED
                  00011a50    00000060     dsp_bios_cfg.obj (.tsk)

.gblinit   0    00011ab0    00000040     
                  00011ab0    00000040     dsp_bios_cfg.obj (.gblinit)

.idl       0    00011af0    00000010     UNINITIALIZED
                  00011af0    00000010     dsp_bios_cfg.obj (.idl)

.LOG_system$buf 
*          0    00011b00    00000100     UNINITIALIZED
                  00011b00    00000100     dsp_bios_cfg.obj (.LOG_system$buf)

.hst0      0    00011c00    00000100     UNINITIALIZED
                  00011c00    00000100     dsp_bios_cfg.obj (.hst0)

.const     0    00011d00    000000f9     
                  00011d00    0000004e     bios.a67 : tsk_stup.o67 (.const)
                  00011d4e    00000002     --HOLE-- [fill = 0]
                  00011d50    00000040     dsk6713bslccsv4.lib : dsk6713_aic23_opencodec.obj (.const)
                  00011d90    00000023     bios.a67 : utl_doab.o67 (.const)
                  00011db3    00000022              : utl_doer.o67 (.const)
                  00011dd5    00000003     --HOLE-- [fill = 0]
                  00011dd8    00000020     dsk6713bslccsv4.lib : dsk6713.obj (.const)
                  00011df8    00000001     bios.a67 : tsk.o67 (.const)

.printf    0    00011df9    0000003f     COPY SECTION
                  00011df9    0000003f     dsp_bios_cfg.obj (.printf)

.pip       0    00011dfc    000000c8     UNINITIALIZED
                  00011dfc    000000c8     dsp_bios_cfg.obj (.pip)

.hst       0    00011ec4    0000003c     UNINITIALIZED
                  00011ec4    0000003c     dsp_bios_cfg.obj (.hst)

.sts       0    00011f00    00000030     
                  00011f00    00000030     dsp_bios_cfg.obj (.sts)

.swi       0    00011f30    0000002c     UNINITIALIZED
                  00011f30    0000002c     dsp_bios_cfg.obj (.swi)

.switch    0    00011f5c    00000028     
                  00011f5c    00000028     rtdx.lib : rtdx_mon.o62 (.switch)

.idlcal    0    00011f84    00000010     UNINITIALIZED
                  00011f84    00000010     dsp_bios_cfg.obj (.idlcal)

.sys       0    00011f94    00000010     UNINITIALIZED
                  00011f94    00000010     dsp_bios_cfg.obj (.sys)

.pinit     0    00011fa4    0000000c     
                  00011fa4    00000004     rtdx.lib : buffer1.o62 (.pinit)
                  00011fa8    00000004              : rtdx_mon.o62 (.pinit)
                  00011fac    00000004     --HOLE-- [fill = 0]

.trcdata   0    00011fb0    0000000c     
                  00011fb0    0000000c     bios.a67 : trc.o67 (.trcdata)

.clk       0    00011fbc    00000008     UNINITIALIZED
                  00011fbc    00000008     dsp_bios_cfg.obj (.clk)


GLOBAL SYMBOLS: SORTED ALPHABETICALLY BY Name 

address    name
--------   ----
000114f0   $bss
000114f0   .bss
00000000   .data
0000c3c0   .text
0001053c   BIOS$$CLKOFF
000104fc   BIOS$$CLKON
00010380   BIOS_init
000105a4   BIOS_start
00000000   BUF$
00000001   BUF_ENABLED
00000001   CLK$
00011fbc   CLK_A_TABBEG
00000001   CLK_CALDIV
00000004   CLK_CALMULT
0000dbba   CLK_COUNTSPMS
00000000   CLK_COUNTSPMSHIGH
00011618   CLK_D_idletime
00011614   CLK_D_isrhook
00011610   CLK_D_tabbeg
0001160c   CLK_D_timefxn
0000bce0   CLK_F_getfhtime
0000bd00   CLK_F_gethtime
0000ade0   CLK_F_getltime
0000bd00   CLK_F_getshtime
0000adf4   CLK_F_isr
0000af54   CLK_F_itime
00009320   CLK_HOOKFXN
00000001   CLK_HTIMEDIV
00000004   CLK_HTIMEMULT
0000dbba   CLK_HTIMEPERLTIME
00004000   CLK_INTBIT
00000001   CLK_LTIMEDIV
00036ee8   CLK_LTIMEMULT
000003e8   CLK_MICROSECS
0000dbba   CLK_PRD
00000000   CLK_PRDHIGH
01940000   CLK_REGS
00011608   CLK_R_time
00000020   CLK_TCR
00000000   CLK_TDDR
00000000   CLK_TDDRHIGH
0000bd00   CLK_TIMEFXN
00000000   CLK_TIMERNUM
00000001   CLK_USETIMER
00011fc0   CLK_null
00000000   DEV$
00000000   DGN$
00000000   DHL$
00000000   DHL_gChannelsAvailable
00000000   DIO$
00000000   DIO_NUMSWIBASE
00000000   DIO_NUMTSKBASE
00000000   DIO_STATIC
00000000   DPI$
0000bda0   FXN_F_nop
0000bda8   FXN_F_run
0000bdf8   FXN_F_zero
00000001   GBL$
00005205   GBL_A_VERSION
00000000   GBL_BIGENDIAN
00000000   GBL_C641XL2PRIORITY
00000000   GBL_CACHE
00000001   GBL_CALLCSLCFGINIT
00004e20   GBL_CLKIN
00001770   GBL_CLKTYPE
00001a39   GBL_DSPSUBTYPE
0000003e   GBL_DSPTYPE
00000001   GBL_ENABLEINST
00000042   GBL_FOOTPRINT
00036ee8   GBL_FREQ
00002226   GBL_L2ALLOC
00000000   GBL_L2CONFIGALLOC
00000001   GBL_L2CONFIGURE
00000001   GBL_L2MARMASK
00000000   GBL_L2MARMASK1
00000000   GBL_L2MARMASK2
00000000   GBL_L2MARMASK3
00000000   GBL_L2MARMASK4
00000000   GBL_L2MARMASK5
00000000   GBL_L2MODE
00000000   GBL_L2PRIORITY
00000000   GBL_NULL
00000000   GBL_PROCID
00000000   GBL_ROM
00000000   GBL_SUPPORTCSL
0000dbef   GBL_TRCMASKVALUE
00000001   GBL_USERINIT
0000d388   GBL_USERINITFXN
00000001   GBL_boot
00011fb8   GBL_initdone
000110f0   GBL_stackbeg
000114ef   GBL_stackend
00000000   GIO$
0000c300   GIO_CREATEFXN
0000c300   GIO_DELETEFXN
0000c300   GIO_PENDFXN
0000c300   GIO_POSTFXN
00000000   HOOK$
00000000   HOOK_KNLID
00000001   HST$
00011ec4   HST_A_TABBEG
00011f00   HST_A_TABEND
00000000   HST_DSM
000117ac   HST_DSMBUFSEG
00000400   HST_DSMMEMSIZE
00011684   HST_D_chanmask
00011688   HST_D_tabbeg
0001168c   HST_D_tabend
000000ff   HST_MAXFRAMEALLOWED
00000040   HST_MAXFRAMESET
00000000   HST_NONE
00000001   HST_RTDX
00000001   HWI$
00000000   HWI_A_VECS
00004018   HWI_CFGDISPATCHED
000117d8   HWI_D_bss
000117dc   HWI_D_ccmask
000117c8   HWI_D_spsave
00009320   HWI_F_dispatch
00000000   HWI_GENERATE_RESET_VEC
0000000a   HWI_INT10
00000000   HWI_INT10$hwi
0000000b   HWI_INT11
00000000   HWI_INT11$hwi
0000000c   HWI_INT12
00000000   HWI_INT12$hwi
0000000d   HWI_INT13
00000000   HWI_INT13$hwi
0000000e   HWI_INT14
00000000   HWI_INT14$hwi
0000000f   HWI_INT15
00000000   HWI_INT15$hwi
00000004   HWI_INT4
00000000   HWI_INT4$hwi
00000005   HWI_INT5
00000000   HWI_INT5$hwi
00000006   HWI_INT6
00000000   HWI_INT6$hwi
00000007   HWI_INT7
00000000   HWI_INT7$hwi
00000008   HWI_INT8
00000000   HWI_INT8$hwi
00000009   HWI_INT9
00000000   HWI_INT9$hwi
082039a3   HWI_INTRMULTHIGH
310718af   HWI_INTRMULTLOW
00000001   HWI_NMI
00000000   HWI_NMI$hwi
00000000   HWI_POLARITYMASK
00000002   HWI_RESERVED0
00000000   HWI_RESERVED0$hwi
00000003   HWI_RESERVED1
00000000   HWI_RESERVED1$hwi
00000000   HWI_RESET
00000000   HWI_RESET$hwi
00000001   HWI_ZEROTAB
00000001   IDL$
00011f84   IDL_A_CALBEG
00011af0   IDL_A_TABBEG
00000006   IDL_CALIBRERROR
0000c200   IDL_CALIBRFXN
00011844   IDL_D_busyObj
000115f8   IDL_D_calbeg
000115f4   IDL_D_calibrate
000115f0   IDL_D_tabbeg
00011afc   IDL_END
00011f90   IDL_END$
0000be20   IDL_F_busy
0000bfa0   IDL_F_calibrate
0000c340   IDL_F_loop
0000c200   IDL_F_stub
00000001   IDL_USECLKIDLTIME
00011f24   IDL_busyObj
00011e33   IDL_busyObj$avgfmt
00000001   IDL_busyObj$filter
00000001   IDL_busyObj$iA
00000000   IDL_busyObj$iB
00000001   IDL_busyObj$iC
00011e2d   IDL_busyObj$maxfmt
00000000   IDL_busyObj$operation
00011f20   IDL_busyObj$stsobj
00011e30   IDL_busyObj$sumfmt
00000002   IDL_busyObj$unittype
00011af0   IDL_cpuLoad
00011f84   IDL_cpuLoad$
000117ac   IRAM
00000200   IRAM$B
00008000   IRAM$L
00000001   ISRC$
0000ada0   KNL_glue
00011f30   KNL_swi
00000001   KNL_swi$dorta
00000000   KNL_swi$ord
00000000   KNL_swi$pri
00011f04   KNL_swi$sts
00011e09   KNL_swi$sts$avgfmt
00000002   KNL_swi$sts$filter
00000001   KNL_swi$sts$filtmaxmult
00000001   KNL_swi$sts$filtsummult
00011df9   KNL_swi$sts$maxfmt
00011f00   KNL_swi$sts$stsobj
00011e01   KNL_swi$sts$sumfmt
00000000   KNL_swi$sts$unittype
00000000   KNL_swi$swi
00000001   LCK$
00008200   LNK_F_checkBufferCall
00008280   LNK_F_dataPump
00008220   LNK_F_getChanPtr
00008278   LNK_F_init
000087c4   LNK_F_readCallBack
00011af4   LNK_dataPump
00011f88   LNK_dataPump$
000117e4   LNK_dspFrameReadyMask
000117e0   LNK_dspFrameRequestMask
00008520   LNK_newin
00008660   LNK_newout
00008294   LNK_rcloop
00008360   LNK_rdrtry
000117ec   LNK_readDone
000117f0   LNK_readFail
000117e8   LNK_readPend
00008370   LNK_rrloop
000117f4   LNK_writeFail
00008444   LNK_wrloop
00008434   LNK_wrrtry
00000001   LOG$
0000ef64   LOG_A_TABBEG
0000ef7c   LOG_A_TABEND
00000001   LOG_A_TABLEN
000115fc   LOG_D_system
00000001   LOG_ENABLED
0000bea0   LOG_F_event
0000ef64   LOG_system
00011b00   LOG_system$buf
00000000   LOG_system$datatype
00000000   LOG_system$log
00000040   LOG_system$size
00000000   MBX$
00000001   MEM$
000117ac   MEM_MALLOCSEG
00000000   MEM_NULL
000117ac   MEM_SEGZERO
00000000   MEM_USEMPC
00000001   MEM_gNumHeap
00000000   MSGQ$
00000000   MSGQ_USEMSGQ
00000000   OBJ$
00000000   PIP$
00011dfc   PIP_A_TABBEG
00011ec4   PIP_A_TABEND
00000002   PIP_A_TABLEN
00011600   PIP_D_tabbeg
00011604   PIP_D_tablen
0000a654   PIP_F_give
0000a654   PIP_F_probe
0000a728   PIP_F_start
0000a5c0   PIP_F_take
00000064   PIP_OBJSIZE
00000000   PIP_gNextId
00000002   PIP_gNumEmbed
00000000   POOL$
00000000   POOL_USEPOOL
00000001   PRD$
00000000   PRD_A_TABBEG
00000000   PRD_A_TABEND
00000000   PRD_A_TABLEN
00011640   PRD_D_cur
00011644   PRD_D_elapsed
00011648   PRD_D_prevtim
0001164c   PRD_D_scalar
00011650   PRD_D_swihandle
00011654   PRD_D_tabbeg
00011658   PRD_D_tablen
0001165c   PRD_D_thook
0001163c   PRD_D_tick
00009780   PRD_F_swi
00009a40   PRD_F_tick
00004000   PRD_SCALAR
00000000   PRD_SWIHANDLE
0000a5a0   PRD_THOOKFXN
00011fbc   PRD_clock
00000001   QUE$
00011660   RTA_D_fromHost
00011668   RTA_D_logval
00011678   RTA_D_stsval
00011664   RTA_D_toHost
0000c240   RTA_F_andn
00009ed8   RTA_F_dispatch
00009de0   RTA_F_getlog
00009e24   RTA_F_getsts
0000c260   RTA_F_or
00009e6c   RTA_F_readblk
00009e98   RTA_F_resetmem
00009e8c   RTA_F_writeword
00011af8   RTA_dispatcher
00011f8c   RTA_dispatcher$
00009f28   RTA_execute
00011ec8   RTA_fromHost
0001036c   RTA_fromHost$buf
00000004   RTA_fromHost$framesize
00000000   RTA_fromHost$hst
00000001   RTA_fromHost$id
00000000   RTA_fromHost$mode
00011dfc   RTA_fromHost$pipe
00011e2c   RTA_fromHost$pipe$aaa
00011e5c   RTA_fromHost$pipe$bbb
000117b0   RTA_fromHost$pipe$dtab
00011e00   RTA_fromHost$pipe$rd
00011e30   RTA_fromHost$pipe$wr
00011ed0   RTA_fromHost$rtdx
00011ee4   RTA_toHost
00011c00   RTA_toHost$buf
00000040   RTA_toHost$framesize
00000000   RTA_toHost$hst
00000000   RTA_toHost$id
00000001   RTA_toHost$mode
00011e60   RTA_toHost$pipe
00011e90   RTA_toHost$pipe$aaa
00011ec0   RTA_toHost$pipe$bbb
000117bc   RTA_toHost$pipe$dtab
00011e64   RTA_toHost$pipe$rd
00011e94   RTA_toHost$pipe$wr
00011eec   RTA_toHost$rtdx
00000001   RTDX$
00000408   RTDX_BUFMEMSIZE
000117ac   RTDX_DATAMEMSEG
00000000   RTDX_MODE
00000001   RTDX_NORMALIZED_HDR
00000001   RTDX_USERTDX
00000000   RTDX_USERTEXECUTION
ffffffff   SDRAM
00000000   SEM$
00000000   SIO$
00000001   STS$
00011f00   STS_A_TABBEG
00011f30   STS_A_TABEND
0000bf58   STS_F_add
0000bf20   STS_F_delta
0000bf84   STS_F_reset
00000001   SWI$
00011f30   SWI_A_TABBEG
00011f5c   SWI_A_TABEND
00000001   SWI_A_TABLEN
000116d4   SWI_D_curfxn
000116c4   SWI_D_curmask
000116d0   SWI_D_curmbox
000116c8   SWI_D_curset
000116c0   SWI_D_execaddr
000116dc   SWI_D_inswi
000116cc   SWI_D_lock
000116d8   SWI_D_rdybeg
000116e0   SWI_D_rdytab
000116bc   SWI_D_runaddr
00000000   SWI_EHOOKFXN
00008ffc   SWI_EXECFXN
00008de0   SWI_F_enable
00008ffc   SWI_F_exec
00009028   SWI_F_iexec
00008e50   SWI_F_post
000090b8   SWI_F_run
00000000   SWI_IHOOKFXN
000090b8   SWI_RUNFXN
00000001   SYS$
00011f94   SYS$config
0000c280   SYS_ABORTFXN
0000c380   SYS_ERRORFXN
0000c3a0   SYS_EXITFXN
0000c140   SYS_PUTCFXN
00011fb4   TRC_R_mask
00011fb0   TRC_cinit
00000001   TSK$
00000000   TSK_NUM_HOOKS
00000001   TSK_PRIORITY
00000000   TSK_READYFXN
00000000   TSK_STACKSEG
00000400   TSK_STACKSIZE
00000000   TSK_SWITCHFXN
0000c300   TSK_VCREATEFXN
0000c300   TSK_VDELETEFXN
0000c300   TSK_VEXITFXN
00011a5c   TSK_idle
00000000   TSK_idle$ord
00000000   TSK_idle$pri
00010cf0   TSK_idle$stack
00011088   TSK_idle$stkptr
00011f14   TSK_idle$sts
00011e23   TSK_idle$sts$avgfmt
00000002   TSK_idle$sts$filter
00000001   TSK_idle$sts$filtmaxmult
00000001   TSK_idle$sts$filtsummult
00011e13   TSK_idle$sts$maxfmt
00011f10   TSK_idle$sts$stsobj
00011e1b   TSK_idle$sts$sumfmt
00000000   TSK_idle$sts$unittype
00000000   TSK_idle$tsk
00000000   UDEV$
00010380   _BIOS_init
000105a4   _BIOS_start
0000dbba   _CLK_COUNTSPMS
00011824   _CLK_DFLTMICROSECS
00011638   _CLK_D_countspms
0001162c   _CLK_D_dirty
00011828   _CLK_D_microseconds
00011630   _CLK_D_prd
00011634   _CLK_D_tddr
0000af54   _CLK_F_itime
0000dbba   _CLK_PRD
01940000   _CLK_REGS
00000000   _CLK_TDDR
00000000   _CLK_TIMERNUM
00000001   _CLK_USETIMER
0001161c   _CLK_htimeDiv
00011620   _CLK_htimeMult
0001183c   _CLK_htimePerLtime
0000af54   _CLK_itime
00011624   _CLK_ltimeDiv
00011628   _CLK_ltimeMult
0000b900   _CLK_measure
0000c1a0   _CLK_start
0000c2c0   _CLK_stop
00010294   _Config
00011834   _DSK6713_AIC23_codeccontrolhandle
00011838   _DSK6713_AIC23_codecdatahandle
0000d5cc   _DSK6713_AIC23_config
0000c840   _DSK6713_AIC23_openCodec
0000d5a8   _DSK6713_AIC23_rget
0000d4e0   _DSK6713_AIC23_rset
0000c540   _DSK6713_getVersion
0000c590   _DSK6713_init
0000c4ac   _DSK6713_rget
0000c498   _DSK6713_rset
0001184c   _DSK6713_version
0000c3c0   _DSK6713_wait
0000c464   _DSK6713_waitusec
0000c300   _FXN_F_nop
0000bda8   _FXN_F_run
0000bdf8   _FXN_F_zero
00000000   _GBL_CACHE
00011694   _GBL_clkIn
0000b580   _GBL_cslCacheInit
00011698   _GBL_freq
0000c320   _GBL_getVersion
00011690   _GBL_procId
0000d388   _GBL_setPLLto225MHz
00011ec4   _HST_A_TABBEG
00011f00   _HST_A_TABEND
00004018   _HWI_CFGDISPATCHED
000117d4   _HWI_D_inhwi
000117c8   _HWI_D_spsave
00009320   _HWI_F_dispatch
0000000a   _HWI_INT10
0000000b   _HWI_INT11
0000000c   _HWI_INT12
0000000d   _HWI_INT13
0000000e   _HWI_INT14
0000000f   _HWI_INT15
00000004   _HWI_INT4
00000005   _HWI_INT5
00000006   _HWI_INT6
00000007   _HWI_INT7
00000008   _HWI_INT8
00000009   _HWI_INT9
00000001   _HWI_NMI
00000002   _HWI_RESERVED0
00000003   _HWI_RESERVED1
00000000   _HWI_RESET
000114e8   _HWI_STKBOTTOM
000110f0   _HWI_STKTOP
000117c8   _HWI_data
0000c020   _HWI_disable
000114f0   _HWI_dispatchTab
0000c038   _HWI_enable
0000c04c   _HWI_restore
00011804   _H_Codec
00011f24   _IDL_busyObj
00011af0   _IDL_cpuLoad
0000c340   _IDL_loop
0000cca8   _IIR_filter
000117ac   _IRAM
00000200   _IRAM_base
00008000   _IRAM_length
0000de00   _IRQ_enable
0000de80   _IRQ_globalDisable
0000dea0   _IRQ_globalEnable
0000d000   _IRQ_map
0000dec0   _IRQ_nmiEnable
0000cd2c   _ISR_AIC
00011760   _KNL_alarm
0000b440   _KNL_check
00011784   _KNL_curqueue
00011774   _KNL_curtask
0001177c   _KNL_curtime
0001013c   _KNL_dummy
0000b6b4   _KNL_enter
0000b660   _KNL_exit
0000b518   _KNL_idle
0001179c   _KNL_idlefxn
00011768   _KNL_inactive
0000b9e0   _KNL_ipost
0000b53c   _KNL_max
00011788   _KNL_maxqueue
0000baa0   _KNL_post
00011778   _KNL_prevtask
0001176c   _KNL_priority
0001009c   _KNL_queues
00009b20   _KNL_run
0000ac20   _KNL_saveIsrFrame
00011770   _KNL_set
00011764   _KNL_setpri
00011f30   _KNL_swi
00011780   _KNL_swiptr
0000acec   _KNL_switch
00011790   _KNL_tcreatefxn
00011794   _KNL_tdeletefxn
0000a5a0   _KNL_tick
00011798   _KNL_treadyfxn
0001178c   _KNL_tswitchfxn
00011758   _KNL_wFlag
0001175c   _KNL_wList
0000bb90   _LCK_pend
0000bb60   _LCK_post
00011af4   _LNK_dataPump
000117e4   _LNK_dspFrameReadyMask
000117e0   _LNK_dspFrameRequestMask
000117ec   _LNK_readDone
000117f0   _LNK_readFail
000117e8   _LNK_readPend
000117f4   _LNK_writeFail
0000ef64   _LOG_A_TABBEG
0000ef7c   _LOG_A_TABEND
00000001   _LOG_A_TABLEN
000115fc   _LOG_D_system
0000bea0   _LOG_event
0000ef64   _LOG_system
0000d8c0   _MCBSP_open
0000d1c0   _MCBSP_reset
0000d9c0   _MCBSP_start
00011848   _MEM
0001169c   _MEM_D_NUMSEGMENTS
000116a4   _MEM_D_freelist
000116a8   _MEM_D_lockaddr
000116a0   _MEM_D_memtab
000116ac   _MEM_D_unlockaddr
00010660   _MEM_init
000117a0   _MEM_memtab
00010880   _OBJ_init
00010208   _OBJ_segtab
000101d0   _OBJ_table
00011dfc   _PIP_A_TABBEG
00011ec4   _PIP_A_TABEND
0001163c   _PRD_D_tick
00011fbc   _PRD_clock
00011af8   _RTA_dispatcher
00011ec8   _RTA_fromHost
00011ee4   _RTA_toHost
000108a0   _RTDX_Buffer
00010cac   _RTDX_Buffer_End
0000fc60   _RTDX_Buffer_Initialize
0000fda0   _RTDX_Buffer_Read
0000fcc0   _RTDX_Buffer_ReadCB
0000fd20   _RTDX_Buffer_Size
00010ca8   _RTDX_Buffer_Start
0000fdc0   _RTDX_Buffer_Write
0000f380   _RTDX_Buffer_WriteCB
0000fd60   _RTDX_Final_RT_Monitor
0000fbe0   _RTDX_Init_RT_Monitor
00000002   _RTDX_JTAGONLY
0000fe00   _RTDX_Mask_IER
0000f9c0   _RTDX_Mon_Queue
0000ef80   _RTDX_Poll
00000000   _RTDX_interrupt_mask
00010cbc   _RTDX_writing
ffffffff   _SDRAM
0000c080   _SEM_pend
0000a0a0   _SEM_pendEnterKnl
0000b820   _SEM_post
0000b820   _SEM_postBinary
0000b740   _SEM_postEnterKnl
00011f00   _STS_A_TABBEG
00011f30   _STS_A_TABEND
0000bf58   _STS_add
0000bf20   _STS_delta
0000bf84   _STS_reset
0000c360   _STS_set
000116d4   _SWI_D_curfxn
000116c4   _SWI_D_curmask
000116c8   _SWI_D_curset
000116c0   _SWI_D_execaddr
000116dc   _SWI_D_inswi
000116cc   _SWI_D_lock
000116d8   _SWI_D_rdybeg
000116bc   _SWI_D_runaddr
000116bc   _SWI_data
00008e50   _SWI_post
000116b0   _SYS
00011850   _SYS_PUTCBEG
00011a4f   _SYS_PUTCEND
0000c0e0   _SYS_abort
0000bc20   _SYS_exit
0001031c   _SYS_exitStack
0001182c   _SYS_exitStackPtr
00011830   _SYS_exitStackTop
00011fb4   _TRC_R_mask
00011820   _TSK
00010174   _TSK_ATTRS
00010190   _TSK_config
0000afa0   _TSK_exit
00011a5c   _TSK_idle
00010800   _TSK_init
00011818   _TSK_nTasks
0001181c   _TSK_pid
0000aa20   _TSK_setup
0000b380   _TSK_startup
000101b0   _TSK_timerSem
0000c280   _UTL_doAbort
0000c380   _UTL_doError
0000c140   _UTL_doPutc
0000c3a0   _UTL_halt
0000af70   __CLK_lat1beg
0000af9c   __CLK_lat1end
00008c34   __GBL_setL2CacheMode
000116b8   __HOOK_NUMHOOKS
000116b4   __HOOK_knlId
00009320   __HWI_lat1beg
000094a0   __HWI_lat1end
000094a0   __HWI_lat2beg
00009640   __HWI_lat2end1
000095cc   __HWI_lat2end2
00009660   __HWI_lat3beg
00009760   __HWI_lat3end1
000095fc   __HWI_lat3end2
0000be20   __IDL_lat1beg
0000be70   __IDL_lat1end
00010094   __IRQ_dispatchTable
0000ffd0   __IRQ_eventTable
0000df40   __IRQ_hookFetchPacket
00010054   __IRQ_intTable
0000b490   __KNL_lat1beg
0000b518   __KNL_lat1end
0000bea0   __LOG_lat1beg
000102ec   __MCBSP_hDev0
000102f0   __MCBSP_hDev1
0001024c   __MEM_mutex
00009e98   __RTA_lat1beg
00009ed0   __RTA_lat1end
0000a800   __SEM_dopost
00000400   __STACK_SIZE
00008f8c   __SWI_lat1beg
00009040   __SWI_lat1end
00009044   __SWI_lat2beg
000090b4   __SWI_lat2end
00008de0   __SWI_lat3beg
00008e4c   __SWI_lat3end
00010224   __TSK_mutex
00010360   ___TI_enable_exit_profile_output
ffffffff   ___TI_pprof_out_hndl
ffffffff   ___TI_prof_data_size
ffffffff   ___TI_prof_data_start
0000de40   ___add_dtor
0000fe20   ___atexit_func_id__
ffffffff   ___binit__
000114f0   ___bss__
ffffffff   ___c_args__
0000df60   ___cinit__
00000000   ___data__
00000000   ___edata__
0001184e   ___end__
0000df60   ___etext__
00011fa4   ___pinit__
0000c3c0   ___text__
0000b140   __auto_init
00010358   __cleanup_ptr
0001035c   __dtors_ptr
00010364   __lock
0000dee0   __nop
0000df00   __register_lock
0000df20   __register_unlock
000110f0   __stack
0000d660   __strasgi
00010368   __unlock
00010288   _a
0000dac0   _atexit
00010278   _b
00010740   _c_int00
0000d7a0   _call_dtors
00010274   _dtors
0000cc10   _init_HWI
0000cb4c   _init_hardware
0000cb20   _main
0000cdc0   _memcpy
0000dc3c   _mono_read_16Bit
0000dc14   _mono_write_16Bit
00011810   _rtdxNullChanCnt
00011814   _rtdxNullFuncCnt
00010cb0   _rtdx_buffer_state
00010cd0   _rtdx_mon_state
00011800   _sampling_freq
0000dbe8   _stereo_read_16Bit
0000dbc0   _stereo_write_16Bit
0000d360   _wait500nS
00010290   _x
000117f8   _y
ffffffff   binit
0000df60   cinit
00000000   edata
0001184e   end
0000df60   etext
00000000   hwi0
00000020   hwi1
00000140   hwi10
00000160   hwi11
00000180   hwi12
000001a0   hwi13
000001c0   hwi14
000001e0   hwi15
00000040   hwi2
00000060   hwi3
00000080   hwi4
000000a0   hwi5
000000c0   hwi6
000000e0   hwi7
00000100   hwi8
00000120   hwi9
00011fa4   pinit


GLOBAL SYMBOLS: SORTED BY Symbol Address 

address    name
--------   ----
00000000   .data
00000000   BUF$
00000000   CLK_COUNTSPMSHIGH
00000000   CLK_PRDHIGH
00000000   CLK_TDDR
00000000   CLK_TDDRHIGH
00000000   CLK_TIMERNUM
00000000   DEV$
00000000   DGN$
00000000   DHL$
00000000   DHL_gChannelsAvailable
00000000   DIO$
00000000   DIO_NUMSWIBASE
00000000   DIO_NUMTSKBASE
00000000   DIO_STATIC
00000000   DPI$
00000000   GBL_BIGENDIAN
00000000   GBL_C641XL2PRIORITY
00000000   GBL_CACHE
00000000   GBL_L2CONFIGALLOC
00000000   GBL_L2MARMASK1
00000000   GBL_L2MARMASK2
00000000   GBL_L2MARMASK3
00000000   GBL_L2MARMASK4
00000000   GBL_L2MARMASK5
00000000   GBL_L2MODE
00000000   GBL_L2PRIORITY
00000000   GBL_NULL
00000000   GBL_PROCID
00000000   GBL_ROM
00000000   GBL_SUPPORTCSL
00000000   GIO$
00000000   HOOK$
00000000   HOOK_KNLID
00000000   HST_DSM
00000000   HST_NONE
00000000   HWI_A_VECS
00000000   HWI_GENERATE_RESET_VEC
00000000   HWI_INT10$hwi
00000000   HWI_INT11$hwi
00000000   HWI_INT12$hwi
00000000   HWI_INT13$hwi
00000000   HWI_INT14$hwi
00000000   HWI_INT15$hwi
00000000   HWI_INT4$hwi
00000000   HWI_INT5$hwi
00000000   HWI_INT6$hwi
00000000   HWI_INT7$hwi
00000000   HWI_INT8$hwi
00000000   HWI_INT9$hwi
00000000   HWI_NMI$hwi
00000000   HWI_POLARITYMASK
00000000   HWI_RESERVED0$hwi
00000000   HWI_RESERVED1$hwi
00000000   HWI_RESET
00000000   HWI_RESET$hwi
00000000   IDL_busyObj$iB
00000000   IDL_busyObj$operation
00000000   KNL_swi$ord
00000000   KNL_swi$pri
00000000   KNL_swi$sts$unittype
00000000   KNL_swi$swi
00000000   LOG_system$datatype
00000000   LOG_system$log
00000000   MBX$
00000000   MEM_NULL
00000000   MEM_USEMPC
00000000   MSGQ$
00000000   MSGQ_USEMSGQ
00000000   OBJ$
00000000   PIP$
00000000   PIP_gNextId
00000000   POOL$
00000000   POOL_USEPOOL
00000000   PRD_A_TABBEG
00000000   PRD_A_TABEND
00000000   PRD_A_TABLEN
00000000   PRD_SWIHANDLE
00000000   RTA_fromHost$hst
00000000   RTA_fromHost$mode
00000000   RTA_toHost$hst
00000000   RTA_toHost$id
00000000   RTDX_MODE
00000000   RTDX_USERTEXECUTION
00000000   SEM$
00000000   SIO$
00000000   SWI_EHOOKFXN
00000000   SWI_IHOOKFXN
00000000   TSK_NUM_HOOKS
00000000   TSK_READYFXN
00000000   TSK_STACKSEG
00000000   TSK_SWITCHFXN
00000000   TSK_idle$ord
00000000   TSK_idle$pri
00000000   TSK_idle$sts$unittype
00000000   TSK_idle$tsk
00000000   UDEV$
00000000   _CLK_TDDR
00000000   _CLK_TIMERNUM
00000000   _GBL_CACHE
00000000   _HWI_RESET
00000000   _RTDX_interrupt_mask
00000000   ___data__
00000000   ___edata__
00000000   edata
00000000   hwi0
00000001   BUF_ENABLED
00000001   CLK$
00000001   CLK_CALDIV
00000001   CLK_HTIMEDIV
00000001   CLK_LTIMEDIV
00000001   CLK_USETIMER
00000001   GBL$
00000001   GBL_CALLCSLCFGINIT
00000001   GBL_ENABLEINST
00000001   GBL_L2CONFIGURE
00000001   GBL_L2MARMASK
00000001   GBL_USERINIT
00000001   GBL_boot
00000001   HST$
00000001   HST_RTDX
00000001   HWI$
00000001   HWI_NMI
00000001   HWI_ZEROTAB
00000001   IDL$
00000001   IDL_USECLKIDLTIME
00000001   IDL_busyObj$filter
00000001   IDL_busyObj$iA
00000001   IDL_busyObj$iC
00000001   ISRC$
00000001   KNL_swi$dorta
00000001   KNL_swi$sts$filtmaxmult
00000001   KNL_swi$sts$filtsummult
00000001   LCK$
00000001   LOG$
00000001   LOG_A_TABLEN
00000001   LOG_ENABLED
00000001   MEM$
00000001   MEM_gNumHeap
00000001   PRD$
00000001   QUE$
00000001   RTA_fromHost$id
00000001   RTA_toHost$mode
00000001   RTDX$
00000001   RTDX_NORMALIZED_HDR
00000001   RTDX_USERTDX
00000001   STS$
00000001   SWI$
00000001   SWI_A_TABLEN
00000001   SYS$
00000001   TSK$
00000001   TSK_PRIORITY
00000001   TSK_idle$sts$filtmaxmult
00000001   TSK_idle$sts$filtsummult
00000001   _CLK_USETIMER
00000001   _HWI_NMI
00000001   _LOG_A_TABLEN
00000002   HWI_RESERVED0
00000002   IDL_busyObj$unittype
00000002   KNL_swi$sts$filter
00000002   PIP_A_TABLEN
00000002   PIP_gNumEmbed
00000002   TSK_idle$sts$filter
00000002   _HWI_RESERVED0
00000002   _RTDX_JTAGONLY
00000003   HWI_RESERVED1
00000003   _HWI_RESERVED1
00000004   CLK_CALMULT
00000004   CLK_HTIMEMULT
00000004   HWI_INT4
00000004   RTA_fromHost$framesize
00000004   _HWI_INT4
00000005   HWI_INT5
00000005   _HWI_INT5
00000006   HWI_INT6
00000006   IDL_CALIBRERROR
00000006   _HWI_INT6
00000007   HWI_INT7
00000007   _HWI_INT7
00000008   HWI_INT8
00000008   _HWI_INT8
00000009   HWI_INT9
00000009   _HWI_INT9
0000000a   HWI_INT10
0000000a   _HWI_INT10
0000000b   HWI_INT11
0000000b   _HWI_INT11
0000000c   HWI_INT12
0000000c   _HWI_INT12
0000000d   HWI_INT13
0000000d   _HWI_INT13
0000000e   HWI_INT14
0000000e   _HWI_INT14
0000000f   HWI_INT15
0000000f   _HWI_INT15
00000020   CLK_TCR
00000020   hwi1
0000003e   GBL_DSPTYPE
00000040   HST_MAXFRAMESET
00000040   LOG_system$size
00000040   RTA_toHost$framesize
00000040   hwi2
00000042   GBL_FOOTPRINT
00000060   hwi3
00000064   PIP_OBJSIZE
00000080   hwi4
000000a0   hwi5
000000c0   hwi6
000000e0   hwi7
000000ff   HST_MAXFRAMEALLOWED
00000100   hwi8
00000120   hwi9
00000140   hwi10
00000160   hwi11
00000180   hwi12
000001a0   hwi13
000001c0   hwi14
000001e0   hwi15
00000200   IRAM$B
00000200   _IRAM_base
000003e8   CLK_MICROSECS
00000400   HST_DSMMEMSIZE
00000400   TSK_STACKSIZE
00000400   __STACK_SIZE
00000408   RTDX_BUFMEMSIZE
00001770   GBL_CLKTYPE
00001a39   GBL_DSPSUBTYPE
00002226   GBL_L2ALLOC
00004000   CLK_INTBIT
00004000   PRD_SCALAR
00004018   HWI_CFGDISPATCHED
00004018   _HWI_CFGDISPATCHED
00004e20   GBL_CLKIN
00005205   GBL_A_VERSION
00008000   IRAM$L
00008000   _IRAM_length
00008200   LNK_F_checkBufferCall
00008220   LNK_F_getChanPtr
00008278   LNK_F_init
00008280   LNK_F_dataPump
00008294   LNK_rcloop
00008360   LNK_rdrtry
00008370   LNK_rrloop
00008434   LNK_wrrtry
00008444   LNK_wrloop
00008520   LNK_newin
00008660   LNK_newout
000087c4   LNK_F_readCallBack
00008c34   __GBL_setL2CacheMode
00008de0   SWI_F_enable
00008de0   __SWI_lat3beg
00008e4c   __SWI_lat3end
00008e50   SWI_F_post
00008e50   _SWI_post
00008f8c   __SWI_lat1beg
00008ffc   SWI_EXECFXN
00008ffc   SWI_F_exec
00009028   SWI_F_iexec
00009040   __SWI_lat1end
00009044   __SWI_lat2beg
000090b4   __SWI_lat2end
000090b8   SWI_F_run
000090b8   SWI_RUNFXN
00009320   CLK_HOOKFXN
00009320   HWI_F_dispatch
00009320   _HWI_F_dispatch
00009320   __HWI_lat1beg
000094a0   __HWI_lat1end
000094a0   __HWI_lat2beg
000095cc   __HWI_lat2end2
000095fc   __HWI_lat3end2
00009640   __HWI_lat2end1
00009660   __HWI_lat3beg
00009760   __HWI_lat3end1
00009780   PRD_F_swi
00009a40   PRD_F_tick
00009b20   _KNL_run
00009de0   RTA_F_getlog
00009e24   RTA_F_getsts
00009e6c   RTA_F_readblk
00009e8c   RTA_F_writeword
00009e98   RTA_F_resetmem
00009e98   __RTA_lat1beg
00009ed0   __RTA_lat1end
00009ed8   RTA_F_dispatch
00009f28   RTA_execute
0000a0a0   _SEM_pendEnterKnl
0000a5a0   PRD_THOOKFXN
0000a5a0   _KNL_tick
0000a5c0   PIP_F_take
0000a654   PIP_F_give
0000a654   PIP_F_probe
0000a728   PIP_F_start
0000a800   __SEM_dopost
0000aa20   _TSK_setup
0000ac20   _KNL_saveIsrFrame
0000acec   _KNL_switch
0000ada0   KNL_glue
0000ade0   CLK_F_getltime
0000adf4   CLK_F_isr
0000af54   CLK_F_itime
0000af54   _CLK_F_itime
0000af54   _CLK_itime
0000af70   __CLK_lat1beg
0000af9c   __CLK_lat1end
0000afa0   _TSK_exit
0000b140   __auto_init
0000b380   _TSK_startup
0000b440   _KNL_check
0000b490   __KNL_lat1beg
0000b518   _KNL_idle
0000b518   __KNL_lat1end
0000b53c   _KNL_max
0000b580   _GBL_cslCacheInit
0000b660   _KNL_exit
0000b6b4   _KNL_enter
0000b740   _SEM_postEnterKnl
0000b820   _SEM_post
0000b820   _SEM_postBinary
0000b900   _CLK_measure
0000b9e0   _KNL_ipost
0000baa0   _KNL_post
0000bb60   _LCK_post
0000bb90   _LCK_pend
0000bc20   _SYS_exit
0000bce0   CLK_F_getfhtime
0000bd00   CLK_F_gethtime
0000bd00   CLK_F_getshtime
0000bd00   CLK_TIMEFXN
0000bda0   FXN_F_nop
0000bda8   FXN_F_run
0000bda8   _FXN_F_run
0000bdf8   FXN_F_zero
0000bdf8   _FXN_F_zero
0000be20   IDL_F_busy
0000be20   __IDL_lat1beg
0000be70   __IDL_lat1end
0000bea0   LOG_F_event
0000bea0   _LOG_event
0000bea0   __LOG_lat1beg
0000bf20   STS_F_delta
0000bf20   _STS_delta
0000bf58   STS_F_add
0000bf58   _STS_add
0000bf84   STS_F_reset
0000bf84   _STS_reset
0000bfa0   IDL_F_calibrate
0000c020   _HWI_disable
0000c038   _HWI_enable
0000c04c   _HWI_restore
0000c080   _SEM_pend
0000c0e0   _SYS_abort
0000c140   SYS_PUTCFXN
0000c140   _UTL_doPutc
0000c1a0   _CLK_start
0000c200   IDL_CALIBRFXN
0000c200   IDL_F_stub
0000c240   RTA_F_andn
0000c260   RTA_F_or
0000c280   SYS_ABORTFXN
0000c280   _UTL_doAbort
0000c2c0   _CLK_stop
0000c300   GIO_CREATEFXN
0000c300   GIO_DELETEFXN
0000c300   GIO_PENDFXN
0000c300   GIO_POSTFXN
0000c300   TSK_VCREATEFXN
0000c300   TSK_VDELETEFXN
0000c300   TSK_VEXITFXN
0000c300   _FXN_F_nop
0000c320   _GBL_getVersion
0000c340   IDL_F_loop
0000c340   _IDL_loop
0000c360   _STS_set
0000c380   SYS_ERRORFXN
0000c380   _UTL_doError
0000c3a0   SYS_EXITFXN
0000c3a0   _UTL_halt
0000c3c0   .text
0000c3c0   _DSK6713_wait
0000c3c0   ___text__
0000c464   _DSK6713_waitusec
0000c498   _DSK6713_rset
0000c4ac   _DSK6713_rget
0000c540   _DSK6713_getVersion
0000c590   _DSK6713_init
0000c840   _DSK6713_AIC23_openCodec
0000cb20   _main
0000cb4c   _init_hardware
0000cc10   _init_HWI
0000cca8   _IIR_filter
0000cd2c   _ISR_AIC
0000cdc0   _memcpy
0000d000   _IRQ_map
0000d1c0   _MCBSP_reset
0000d360   _wait500nS
0000d388   GBL_USERINITFXN
0000d388   _GBL_setPLLto225MHz
0000d4e0   _DSK6713_AIC23_rset
0000d5a8   _DSK6713_AIC23_rget
0000d5cc   _DSK6713_AIC23_config
0000d660   __strasgi
0000d7a0   _call_dtors
0000d8c0   _MCBSP_open
0000d9c0   _MCBSP_start
0000dac0   _atexit
0000dbba   CLK_COUNTSPMS
0000dbba   CLK_HTIMEPERLTIME
0000dbba   CLK_PRD
0000dbba   _CLK_COUNTSPMS
0000dbba   _CLK_PRD
0000dbc0   _stereo_write_16Bit
0000dbe8   _stereo_read_16Bit
0000dbef   GBL_TRCMASKVALUE
0000dc14   _mono_write_16Bit
0000dc3c   _mono_read_16Bit
0000de00   _IRQ_enable
0000de40   ___add_dtor
0000de80   _IRQ_globalDisable
0000dea0   _IRQ_globalEnable
0000dec0   _IRQ_nmiEnable
0000dee0   __nop
0000df00   __register_lock
0000df20   __register_unlock
0000df40   __IRQ_hookFetchPacket
0000df60   ___cinit__
0000df60   ___etext__
0000df60   cinit
0000df60   etext
0000ef64   LOG_A_TABBEG
0000ef64   LOG_system
0000ef64   _LOG_A_TABBEG
0000ef64   _LOG_system
0000ef7c   LOG_A_TABEND
0000ef7c   _LOG_A_TABEND
0000ef80   _RTDX_Poll
0000f380   _RTDX_Buffer_WriteCB
0000f9c0   _RTDX_Mon_Queue
0000fbe0   _RTDX_Init_RT_Monitor
0000fc60   _RTDX_Buffer_Initialize
0000fcc0   _RTDX_Buffer_ReadCB
0000fd20   _RTDX_Buffer_Size
0000fd60   _RTDX_Final_RT_Monitor
0000fda0   _RTDX_Buffer_Read
0000fdc0   _RTDX_Buffer_Write
0000fe00   _RTDX_Mask_IER
0000fe20   ___atexit_func_id__
0000ffd0   __IRQ_eventTable
00010054   __IRQ_intTable
00010094   __IRQ_dispatchTable
0001009c   _KNL_queues
0001013c   _KNL_dummy
00010174   _TSK_ATTRS
00010190   _TSK_config
000101b0   _TSK_timerSem
000101d0   _OBJ_table
00010208   _OBJ_segtab
00010224   __TSK_mutex
0001024c   __MEM_mutex
00010274   _dtors
00010278   _b
00010288   _a
00010290   _x
00010294   _Config
000102ec   __MCBSP_hDev0
000102f0   __MCBSP_hDev1
0001031c   _SYS_exitStack
00010358   __cleanup_ptr
0001035c   __dtors_ptr
00010360   ___TI_enable_exit_profile_output
00010364   __lock
00010368   __unlock
0001036c   RTA_fromHost$buf
00010380   BIOS_init
00010380   _BIOS_init
000104fc   BIOS$$CLKON
0001053c   BIOS$$CLKOFF
000105a4   BIOS_start
000105a4   _BIOS_start
00010660   _MEM_init
00010740   _c_int00
00010800   _TSK_init
00010880   _OBJ_init
000108a0   _RTDX_Buffer
00010ca8   _RTDX_Buffer_Start
00010cac   _RTDX_Buffer_End
00010cb0   _rtdx_buffer_state
00010cbc   _RTDX_writing
00010cd0   _rtdx_mon_state
00010cf0   TSK_idle$stack
00011088   TSK_idle$stkptr
000110f0   GBL_stackbeg
000110f0   _HWI_STKTOP
000110f0   __stack
000114e8   _HWI_STKBOTTOM
000114ef   GBL_stackend
000114f0   $bss
000114f0   .bss
000114f0   _HWI_dispatchTab
000114f0   ___bss__
000115f0   IDL_D_tabbeg
000115f4   IDL_D_calibrate
000115f8   IDL_D_calbeg
000115fc   LOG_D_system
000115fc   _LOG_D_system
00011600   PIP_D_tabbeg
00011604   PIP_D_tablen
00011608   CLK_R_time
0001160c   CLK_D_timefxn
00011610   CLK_D_tabbeg
00011614   CLK_D_isrhook
00011618   CLK_D_idletime
0001161c   _CLK_htimeDiv
00011620   _CLK_htimeMult
00011624   _CLK_ltimeDiv
00011628   _CLK_ltimeMult
0001162c   _CLK_D_dirty
00011630   _CLK_D_prd
00011634   _CLK_D_tddr
00011638   _CLK_D_countspms
0001163c   PRD_D_tick
0001163c   _PRD_D_tick
00011640   PRD_D_cur
00011644   PRD_D_elapsed
00011648   PRD_D_prevtim
0001164c   PRD_D_scalar
00011650   PRD_D_swihandle
00011654   PRD_D_tabbeg
00011658   PRD_D_tablen
0001165c   PRD_D_thook
00011660   RTA_D_fromHost
00011664   RTA_D_toHost
00011668   RTA_D_logval
00011678   RTA_D_stsval
00011684   HST_D_chanmask
00011688   HST_D_tabbeg
0001168c   HST_D_tabend
00011690   _GBL_procId
00011694   _GBL_clkIn
00011698   _GBL_freq
0001169c   _MEM_D_NUMSEGMENTS
000116a0   _MEM_D_memtab
000116a4   _MEM_D_freelist
000116a8   _MEM_D_lockaddr
000116ac   _MEM_D_unlockaddr
000116b0   _SYS
000116b4   __HOOK_knlId
000116b8   __HOOK_NUMHOOKS
000116bc   SWI_D_runaddr
000116bc   _SWI_D_runaddr
000116bc   _SWI_data
000116c0   SWI_D_execaddr
000116c0   _SWI_D_execaddr
000116c4   SWI_D_curmask
000116c4   _SWI_D_curmask
000116c8   SWI_D_curset
000116c8   _SWI_D_curset
000116cc   SWI_D_lock
000116cc   _SWI_D_lock
000116d0   SWI_D_curmbox
000116d4   SWI_D_curfxn
000116d4   _SWI_D_curfxn
000116d8   SWI_D_rdybeg
000116d8   _SWI_D_rdybeg
000116dc   SWI_D_inswi
000116dc   _SWI_D_inswi
000116e0   SWI_D_rdytab
00011758   _KNL_wFlag
0001175c   _KNL_wList
00011760   _KNL_alarm
00011764   _KNL_setpri
00011768   _KNL_inactive
0001176c   _KNL_priority
00011770   _KNL_set
00011774   _KNL_curtask
00011778   _KNL_prevtask
0001177c   _KNL_curtime
00011780   _KNL_swiptr
00011784   _KNL_curqueue
00011788   _KNL_maxqueue
0001178c   _KNL_tswitchfxn
00011790   _KNL_tcreatefxn
00011794   _KNL_tdeletefxn
00011798   _KNL_treadyfxn
0001179c   _KNL_idlefxn
000117a0   _MEM_memtab
000117ac   HST_DSMBUFSEG
000117ac   IRAM
000117ac   MEM_MALLOCSEG
000117ac   MEM_SEGZERO
000117ac   RTDX_DATAMEMSEG
000117ac   _IRAM
000117b0   RTA_fromHost$pipe$dtab
000117bc   RTA_toHost$pipe$dtab
000117c8   HWI_D_spsave
000117c8   _HWI_D_spsave
000117c8   _HWI_data
000117d4   _HWI_D_inhwi
000117d8   HWI_D_bss
000117dc   HWI_D_ccmask
000117e0   LNK_dspFrameRequestMask
000117e0   _LNK_dspFrameRequestMask
000117e4   LNK_dspFrameReadyMask
000117e4   _LNK_dspFrameReadyMask
000117e8   LNK_readPend
000117e8   _LNK_readPend
000117ec   LNK_readDone
000117ec   _LNK_readDone
000117f0   LNK_readFail
000117f0   _LNK_readFail
000117f4   LNK_writeFail
000117f4   _LNK_writeFail
000117f8   _y
00011800   _sampling_freq
00011804   _H_Codec
00011810   _rtdxNullChanCnt
00011814   _rtdxNullFuncCnt
00011818   _TSK_nTasks
0001181c   _TSK_pid
00011820   _TSK
00011824   _CLK_DFLTMICROSECS
00011828   _CLK_D_microseconds
0001182c   _SYS_exitStackPtr
00011830   _SYS_exitStackTop
00011834   _DSK6713_AIC23_codeccontrolhandle
00011838   _DSK6713_AIC23_codecdatahandle
0001183c   _CLK_htimePerLtime
00011844   IDL_D_busyObj
00011848   _MEM
0001184c   _DSK6713_version
0001184e   ___end__
0001184e   end
00011850   _SYS_PUTCBEG
00011a4f   _SYS_PUTCEND
00011a5c   TSK_idle
00011a5c   _TSK_idle
00011af0   IDL_A_TABBEG
00011af0   IDL_cpuLoad
00011af0   _IDL_cpuLoad
00011af4   LNK_dataPump
00011af4   _LNK_dataPump
00011af8   RTA_dispatcher
00011af8   _RTA_dispatcher
00011afc   IDL_END
00011b00   LOG_system$buf
00011c00   RTA_toHost$buf
00011df9   KNL_swi$sts$maxfmt
00011dfc   PIP_A_TABBEG
00011dfc   RTA_fromHost$pipe
00011dfc   _PIP_A_TABBEG
00011e00   RTA_fromHost$pipe$rd
00011e01   KNL_swi$sts$sumfmt
00011e09   KNL_swi$sts$avgfmt
00011e13   TSK_idle$sts$maxfmt
00011e1b   TSK_idle$sts$sumfmt
00011e23   TSK_idle$sts$avgfmt
00011e2c   RTA_fromHost$pipe$aaa
00011e2d   IDL_busyObj$maxfmt
00011e30   IDL_busyObj$sumfmt
00011e30   RTA_fromHost$pipe$wr
00011e33   IDL_busyObj$avgfmt
00011e5c   RTA_fromHost$pipe$bbb
00011e60   RTA_toHost$pipe
00011e64   RTA_toHost$pipe$rd
00011e90   RTA_toHost$pipe$aaa
00011e94   RTA_toHost$pipe$wr
00011ec0   RTA_toHost$pipe$bbb
00011ec4   HST_A_TABBEG
00011ec4   PIP_A_TABEND
00011ec4   _HST_A_TABBEG
00011ec4   _PIP_A_TABEND
00011ec8   RTA_fromHost
00011ec8   _RTA_fromHost
00011ed0   RTA_fromHost$rtdx
00011ee4   RTA_toHost
00011ee4   _RTA_toHost
00011eec   RTA_toHost$rtdx
00011f00   HST_A_TABEND
00011f00   KNL_swi$sts$stsobj
00011f00   STS_A_TABBEG
00011f00   _HST_A_TABEND
00011f00   _STS_A_TABBEG
00011f04   KNL_swi$sts
00011f10   TSK_idle$sts$stsobj
00011f14   TSK_idle$sts
00011f20   IDL_busyObj$stsobj
00011f24   IDL_busyObj
00011f24   _IDL_busyObj
00011f30   KNL_swi
00011f30   STS_A_TABEND
00011f30   SWI_A_TABBEG
00011f30   _KNL_swi
00011f30   _STS_A_TABEND
00011f5c   SWI_A_TABEND
00011f84   IDL_A_CALBEG
00011f84   IDL_cpuLoad$
00011f88   LNK_dataPump$
00011f8c   RTA_dispatcher$
00011f90   IDL_END$
00011f94   SYS$config
00011fa4   ___pinit__
00011fa4   pinit
00011fb0   TRC_cinit
00011fb4   TRC_R_mask
00011fb4   _TRC_R_mask
00011fb8   GBL_initdone
00011fbc   CLK_A_TABBEG
00011fbc   PRD_clock
00011fbc   _PRD_clock
00011fc0   CLK_null
00036ee8   CLK_LTIMEMULT
00036ee8   GBL_FREQ
01940000   CLK_REGS
01940000   _CLK_REGS
082039a3   HWI_INTRMULTHIGH
310718af   HWI_INTRMULTLOW
ffffffff   SDRAM
ffffffff   _SDRAM
ffffffff   ___TI_pprof_out_hndl
ffffffff   ___TI_prof_data_size
ffffffff   ___TI_prof_data_start
ffffffff   ___binit__
ffffffff   ___c_args__
ffffffff   binit

[724 symbols]
